Flutter crash report.
Please report a bug at https://github.com/flutter/flutter/issues.

## command

flutter build hap --debug

## exception

ProcessException: ProcessException: The command failed with exit code 255
  Command: hvigorw assembleHap -p product=default -p buildMode=debug --no-daemon -p FLUTTER_TARGET=lib/main.dart -p TARGET_PLATFORM=ohos-arm64 -p DART_OBFUSCATION=false -p TRACK_WIDGET_CREATION=true -p TREE_SHAKE_ICONS=false -p PACKAGE_CONFIG=/Users/zhuanzmima0000/DevEcoStudioProjects/HarmonyOS_Flutter_empty/.dart_tool/package_config.json

```
#0      RunResult.throwException (package:flutter_tools/src/base/process.dart:122:5)
#1      _DefaultProcessUtils.runSync (package:flutter_tools/src/base/process.dart:524:17)
#2      hvigorwTask (package:flutter_tools/src/ohos/hvigor.dart:138:41)
#3      assembleHap (package:flutter_tools/src/ohos/hvigor.dart:162:10)
#4      OhosHvigorBuilder.buildHap (package:flutter_tools/src/ohos/hvigor.dart:422:33)
<asynchronous suspension>
#5      BuildHapCommand.runCommand (package:flutter_tools/src/commands/build_hap.dart:71:5)
<asynchronous suspension>
#6      FlutterCommand.run.<anonymous closure> (package:flutter_tools/src/runner/flutter_command.dart:1450:27)
<asynchronous suspension>
#7      AppContext.run.<anonymous closure> (package:flutter_tools/src/base/context.dart:153:19)
<asynchronous suspension>
#8      CommandRunner.runCommand (package:args/command_runner.dart:212:13)
<asynchronous suspension>
#9      FlutterCommandRunner.runCommand.<anonymous closure> (package:flutter_tools/src/runner/flutter_command_runner.dart:421:9)
<asynchronous suspension>
#10     AppContext.run.<anonymous closure> (package:flutter_tools/src/base/context.dart:153:19)
<asynchronous suspension>
#11     FlutterCommandRunner.runCommand (package:flutter_tools/src/runner/flutter_command_runner.dart:364:5)
<asynchronous suspension>
#12     run.<anonymous closure>.<anonymous closure> (package:flutter_tools/runner.dart:131:9)
<asynchronous suspension>
#13     AppContext.run.<anonymous closure> (package:flutter_tools/src/base/context.dart:153:19)
<asynchronous suspension>
#14     main (package:flutter_tools/executable.dart:94:3)
<asynchronous suspension>
```

## flutter doctor

```
[!] Flutter (Channel [user-branch], 3.27.4, on macOS 26.5 25F71 darwin-arm64, locale zh-Hans-CN)
    ! Flutter version 3.27.4 on channel [user-branch] at /Users/zhuanzmima0000/flutter_ohos
      Currently on an unknown channel. Run `flutter channel` to switch to an official channel.
      If that doesn't fix the issue, reinstall Flutter by following instructions at https://flutter.dev/setup.
    ! Upstream repository https://gitcode.com/CPF-Flutter/flutter_flutter.git is not a standard remote.
      Set environment variable "FLUTTER_GIT_URL" to https://gitcode.com/CPF-Flutter/flutter_flutter.git to dismiss this error.
    • Framework revision 269265738b (5 weeks ago), 2026-07-28 16:37:44 +0800
    • Engine revision e672b006cb
    • Dart version 3.6.2
    • DevTools version 2.40.0
    • Pub download mirror https://pub.flutter-io.cn
    • Flutter download mirror https://storage.flutter-io.cn
    • If those were intentional, you can disregard the above warnings; however it is recommended to use "git" directly to perform update checks and upgrades.

[✓] HarmonyOS toolchain - develop for HarmonyOS devices
    • OpenHarmony Sdk at /Applications/DevEco-Studio.app/Contents/sdk, available api versions has [24:default]
    • Ohpm version 6.1.2.285
    • Node version v18.20.1
    • Hvigorw binary at /Applications/DevEco-Studio.app/Contents/tools/hvigor/bin/hvigorw

[!] Android toolchain - develop for Android devices (Android SDK version 36.0.0)
    • Android SDK at /Users/zhuanzmima0000/Library/Android/sdk
    ✗ cmdline-tools component is missing
      Run `path/to/sdkmanager --install "cmdline-tools;latest"`
      See https://developer.android.com/studio/command-line for more details.
    ✗ Android license status unknown.
      Run `flutter doctor --android-licenses` to accept the SDK licenses.
      See https://flutter.dev/to/macos-android-setup for more details.

[✗] Xcode - develop for iOS and macOS
    ✗ Xcode installation is incomplete; a full installation is necessary for iOS and macOS development.
      Download at: https://developer.apple.com/xcode/
      Or install Xcode via the App Store.
      Once installed, run:
        sudo xcode-select --switch /Applications/Xcode.app/Contents/Developer
        sudo xcodebuild -runFirstLaunch
    ✗ CocoaPods not installed.
        CocoaPods is a package manager for iOS or macOS platform code.
        Without CocoaPods, plugins will not work on iOS or macOS.
        For more info, see https://flutter.dev/to/platform-plugins
      For installation instructions, see https://guides.cocoapods.org/using/getting-started.html#installation

[✓] Chrome - develop for the web
    • Chrome at /Applications/Google Chrome.app/Contents/MacOS/Google Chrome

[✓] Android Studio (version 2026.1)
    • Android Studio at /Applications/Android Studio.app/Contents
    • Flutter plugin can be installed from:
      🔨 https://plugins.jetbrains.com/plugin/9212-flutter
    • Dart plugin can be installed from:
      🔨 https://plugins.jetbrains.com/plugin/6351-dart
    • Java version OpenJDK Runtime Environment (build 21.0.10+-117844308-b1163.108)

[✓] VS Code (version 1.134.0)
    • VS Code at /Applications/Visual Studio Code.app/Contents
    • Flutter extension can be installed from:
      🔨 https://marketplace.visualstudio.com/items?itemName=Dart-Code.flutter

[✓] Connected device (4 available)
    • V2166A (mobile)              • adb-3500124944000TE-CsySGm._adb-tls-connect._tcp • android-arm64  • Android 12 (API 31)
    • 192.168.31.48:45399 (mobile) • 192.168.31.48:45399                              • ohos-arm64     • Ohos OpenHarmony-6.1.1.125 (API 24)
    • macOS (desktop)              • macos                                            • darwin-arm64   • macOS 26.5 25F71 darwin-arm64
    • Chrome (web)                 • chrome                                           • web-javascript • Google Chrome 151.0.7922.175

[!] Network resources
    ✗ A network error occurred while checking "https://pub.flutter-io.cn": Failed host lookup: 'pub.flutter-io.cn'
    ✗ A network error occurred while checking "https://cocoapods.org/": Failed host lookup: 'cocoapods.org'

! Doctor found issues in 4 categories.
```
